Traceback (most recent call last):
  File "/opt/anaconda3/envs/ccia/lib/python3.10/site-packages/jupyter_cache/executors/utils.py", line 58, in single_nb_execution
    executenb(
  File "/opt/anaconda3/envs/ccia/lib/python3.10/site-packages/nbclient/client.py", line 1319, in execute
    return NotebookClient(nb=nb, resources=resources, km=km, **kwargs).execute()
  File "/opt/anaconda3/envs/ccia/lib/python3.10/site-packages/jupyter_core/utils/__init__.py", line 165, in wrapped
    return loop.run_until_complete(inner)
  File "/opt/anaconda3/envs/ccia/lib/python3.10/asyncio/base_events.py", line 649, in run_until_complete
    return future.result()
  File "/opt/anaconda3/envs/ccia/lib/python3.10/site-packages/nbclient/client.py", line 709, in async_execute
    await self.async_execute_cell(
  File "/opt/anaconda3/envs/ccia/lib/python3.10/site-packages/nbclient/client.py", line 1062, in async_execute_cell
    await self._check_raise_for_error(cell, cell_index, exec_reply)
  File "/opt/anaconda3/envs/ccia/lib/python3.10/site-packages/nbclient/client.py", line 918, in _check_raise_for_error
    raise CellExecutionError.from_cell_and_msg(cell, exec_reply_content)
nbclient.exceptions.CellExecutionError: An error occurred while executing the following cell:
------------------
# reshape to compute anomaly (drop the last 10 months so that we have an integer number of years)
sst_n34_reshape = np.reshape(sst_n34[:-10],(166,12))

# calculate monthly anomaly
sst_n34_anom = sst_n34_reshape - sst_n34_clim

# reshape anomaly back to long time series
sst_n34_anom = np.reshape(sst_n34_anom,(166*12))
------------------


[0;31m---------------------------------------------------------------------------[0m
[0;31mValueError[0m                                Traceback (most recent call last)
Cell [0;32mIn[6], line 2[0m
[1;32m      1[0m [38;5;66;03m# reshape to compute anomaly (drop the last 10 months so that we have an integer number of years)[39;00m
[0;32m----> 2[0m sst_n34_reshape [38;5;241m=[39m [43mnp[49m[38;5;241;43m.[39;49m[43mreshape[49m[43m([49m[43msst_n34[49m[43m[[49m[43m:[49m[38;5;241;43m-[39;49m[38;5;241;43m10[39;49m[43m][49m[43m,[49m[43m([49m[38;5;241;43m166[39;49m[43m,[49m[38;5;241;43m12[39;49m[43m)[49m[43m)[49m
[1;32m      4[0m [38;5;66;03m# calculate monthly anomaly[39;00m
[1;32m      5[0m sst_n34_anom [38;5;241m=[39m sst_n34_reshape [38;5;241m-[39m sst_n34_clim

File [0;32m/opt/anaconda3/envs/ccia/lib/python3.10/site-packages/numpy/core/fromnumeric.py:285[0m, in [0;36mreshape[0;34m(a, newshape, order)[0m
[1;32m    200[0m [38;5;129m@array_function_dispatch[39m(_reshape_dispatcher)
[1;32m    201[0m [38;5;28;01mdef[39;00m[38;5;250m [39m[38;5;21mreshape[39m(a, newshape, order[38;5;241m=[39m[38;5;124m'[39m[38;5;124mC[39m[38;5;124m'[39m):
[1;32m    202[0m [38;5;250m    [39m[38;5;124;03m"""[39;00m
[1;32m    203[0m [38;5;124;03m    Gives a new shape to an array without changing its data.[39;00m
[1;32m    204[0m 
[0;32m   (...)[0m
[1;32m    283[0m [38;5;124;03m           [5, 6]])[39;00m
[1;32m    284[0m [38;5;124;03m    """[39;00m
[0;32m--> 285[0m     [38;5;28;01mreturn[39;00m [43m_wrapfunc[49m[43m([49m[43ma[49m[43m,[49m[43m [49m[38;5;124;43m'[39;49m[38;5;124;43mreshape[39;49m[38;5;124;43m'[39;49m[43m,[49m[43m [49m[43mnewshape[49m[43m,[49m[43m [49m[43morder[49m[38;5;241;43m=[39;49m[43morder[49m[43m)[49m

File [0;32m/opt/anaconda3/envs/ccia/lib/python3.10/site-packages/numpy/core/fromnumeric.py:59[0m, in [0;36m_wrapfunc[0;34m(obj, method, *args, **kwds)[0m
[1;32m     56[0m     [38;5;28;01mreturn[39;00m _wrapit(obj, method, [38;5;241m*[39margs, [38;5;241m*[39m[38;5;241m*[39mkwds)
[1;32m     58[0m [38;5;28;01mtry[39;00m:
[0;32m---> 59[0m     [38;5;28;01mreturn[39;00m [43mbound[49m[43m([49m[38;5;241;43m*[39;49m[43margs[49m[43m,[49m[43m [49m[38;5;241;43m*[39;49m[38;5;241;43m*[39;49m[43mkwds[49m[43m)[49m
[1;32m     60[0m [38;5;28;01mexcept[39;00m [38;5;167;01mTypeError[39;00m:
[1;32m     61[0m     [38;5;66;03m# A TypeError occurs if the object does have such a method in its[39;00m
[1;32m     62[0m     [38;5;66;03m# class, but its signature is not identical to that of NumPy's. This[39;00m
[0;32m   (...)[0m
[1;32m     66[0m     [38;5;66;03m# Call _wrapit from within the except clause to ensure a potential[39;00m
[1;32m     67[0m     [38;5;66;03m# exception has a traceback chain.[39;00m
[1;32m     68[0m     [38;5;28;01mreturn[39;00m _wrapit(obj, method, [38;5;241m*[39margs, [38;5;241m*[39m[38;5;241m*[39mkwds)

File [0;32m/opt/anaconda3/envs/ccia/lib/python3.10/site-packages/numpy/ma/core.py:4745[0m, in [0;36mMaskedArray.reshape[0;34m(self, *s, **kwargs)[0m
[1;32m   4687[0m [38;5;250m[39m[38;5;124;03m"""[39;00m
[1;32m   4688[0m [38;5;124;03mGive a new shape to the array without changing its data.[39;00m
[1;32m   4689[0m 
[0;32m   (...)[0m
[1;32m   4742[0m 
[1;32m   4743[0m [38;5;124;03m"""[39;00m
[1;32m   4744[0m kwargs[38;5;241m.[39mupdate(order[38;5;241m=[39mkwargs[38;5;241m.[39mget([38;5;124m'[39m[38;5;124morder[39m[38;5;124m'[39m, [38;5;124m'[39m[38;5;124mC[39m[38;5;124m'[39m))
[0;32m-> 4745[0m result [38;5;241m=[39m [38;5;28;43mself[39;49m[38;5;241;43m.[39;49m[43m_data[49m[38;5;241;43m.[39;49m[43mreshape[49m[43m([49m[38;5;241;43m*[39;49m[43ms[49m[43m,[49m[43m [49m[38;5;241;43m*[39;49m[38;5;241;43m*[39;49m[43mkwargs[49m[43m)[49m[38;5;241m.[39mview([38;5;28mtype[39m([38;5;28mself[39m))
[1;32m   4746[0m result[38;5;241m.[39m_update_from([38;5;28mself[39m)
[1;32m   4747[0m mask [38;5;241m=[39m [38;5;28mself[39m[38;5;241m.[39m_mask

[0;31mValueError[0m: cannot reshape array of size 2061 into shape (166,12)

