Traceback (most recent call last):
  File "/opt/anaconda3/envs/ccia/lib/python3.10/site-packages/jupyter_cache/executors/utils.py", line 58, in single_nb_execution
    executenb(
  File "/opt/anaconda3/envs/ccia/lib/python3.10/site-packages/nbclient/client.py", line 1319, in execute
    return NotebookClient(nb=nb, resources=resources, km=km, **kwargs).execute()
  File "/opt/anaconda3/envs/ccia/lib/python3.10/site-packages/jupyter_core/utils/__init__.py", line 165, in wrapped
    return loop.run_until_complete(inner)
  File "/opt/anaconda3/envs/ccia/lib/python3.10/asyncio/base_events.py", line 649, in run_until_complete
    return future.result()
  File "/opt/anaconda3/envs/ccia/lib/python3.10/site-packages/nbclient/client.py", line 709, in async_execute
    await self.async_execute_cell(
  File "/opt/anaconda3/envs/ccia/lib/python3.10/site-packages/nbclient/client.py", line 1062, in async_execute_cell
    await self._check_raise_for_error(cell, cell_index, exec_reply)
  File "/opt/anaconda3/envs/ccia/lib/python3.10/site-packages/nbclient/client.py", line 918, in _check_raise_for_error
    raise CellExecutionError.from_cell_and_msg(cell, exec_reply_content)
nbclient.exceptions.CellExecutionError: An error occurred while executing the following cell:
------------------
# create bins 
bins = np.linspace(np.min(NAO_diff_bootstrap),np.max(NAO_diff_bootstrap),np.int((np.max(NAO_diff_bootstrap)-np.min(NAO_diff_bootstrap))/0.01))

# calculate the histogram
histNAO_diff,bins = np.histogram(NAO_diff_bootstrap,bins)

# convert counts to frequency
freqNAO_diff = histNAO_diff/len(NAO_diff_bootstrap)
------------------


[0;31m---------------------------------------------------------------------------[0m
[0;31mAttributeError[0m                            Traceback (most recent call last)
Cell [0;32mIn[7], line 2[0m
[1;32m      1[0m [38;5;66;03m# create bins [39;00m
[0;32m----> 2[0m bins [38;5;241m=[39m np[38;5;241m.[39mlinspace(np[38;5;241m.[39mmin(NAO_diff_bootstrap),np[38;5;241m.[39mmax(NAO_diff_bootstrap),[43mnp[49m[38;5;241;43m.[39;49m[43mint[49m((np[38;5;241m.[39mmax(NAO_diff_bootstrap)[38;5;241m-[39mnp[38;5;241m.[39mmin(NAO_diff_bootstrap))[38;5;241m/[39m[38;5;241m0.01[39m))
[1;32m      4[0m [38;5;66;03m# calculate the histogram[39;00m
[1;32m      5[0m histNAO_diff,bins [38;5;241m=[39m np[38;5;241m.[39mhistogram(NAO_diff_bootstrap,bins)

File [0;32m/opt/anaconda3/envs/ccia/lib/python3.10/site-packages/numpy/__init__.py:324[0m, in [0;36m__getattr__[0;34m(attr)[0m
[1;32m    319[0m     warnings[38;5;241m.[39mwarn(
[1;32m    320[0m         [38;5;124mf[39m[38;5;124m"[39m[38;5;124mIn the future `np.[39m[38;5;132;01m{[39;00mattr[38;5;132;01m}[39;00m[38;5;124m` will be defined as the [39m[38;5;124m"[39m
[1;32m    321[0m         [38;5;124m"[39m[38;5;124mcorresponding NumPy scalar.[39m[38;5;124m"[39m, [38;5;167;01mFutureWarning[39;00m, stacklevel[38;5;241m=[39m[38;5;241m2[39m)
[1;32m    323[0m [38;5;28;01mif[39;00m attr [38;5;129;01min[39;00m __former_attrs__:
[0;32m--> 324[0m     [38;5;28;01mraise[39;00m [38;5;167;01mAttributeError[39;00m(__former_attrs__[attr])
[1;32m    326[0m [38;5;28;01mif[39;00m attr [38;5;241m==[39m [38;5;124m'[39m[38;5;124mtesting[39m[38;5;124m'[39m:
[1;32m    327[0m     [38;5;28;01mimport[39;00m[38;5;250m [39m[38;5;21;01mnumpy[39;00m[38;5;21;01m.[39;00m[38;5;21;01mtesting[39;00m[38;5;250m [39m[38;5;28;01mas[39;00m[38;5;250m [39m[38;5;21;01mtesting[39;00m

[0;31mAttributeError[0m: module 'numpy' has no attribute 'int'.
`np.int` was a deprecated alias for the builtin `int`. To avoid this error in existing code, use `int` by itself. Doing this will not modify any behavior and is safe. When replacing `np.int`, you may wish to use e.g. `np.int64` or `np.int32` to specify the precision. If you wish to review your current use, check the release note link for additional information.
The aliases was originally deprecated in NumPy 1.20; for more details and guidance see the original release note at:
    https://numpy.org/devdocs/release/1.20.0-notes.html#deprecations

